;  LST file generated by mikroListExporter - v.2.0 
; Date/Time: 5/10/2026 2:32:55 AM
;----------------------------------------------

;Address Opcode 	ASM
0x0000	0x2A25      	GOTO       549
_Delay_1us:
;__Lib_Delays.c,7 :: 		void Delay_1us() {
;__Lib_Delays.c,8 :: 		Delay_us(1);
0x0003	0x0000      	NOP
0x0004	0x0000      	NOP
;__Lib_Delays.c,9 :: 		}
L_end_Delay_1us:
0x0005	0x0008      	RETURN
; end of _Delay_1us
_Delay_5500us:
;__Lib_Delays.c,31 :: 		void Delay_5500us() {
;__Lib_Delays.c,32 :: 		Delay_us(5500);
0x0006	0x300F      	MOVLW      15
0x0007	0x1283      	BCF        STATUS, 5
0x0008	0x1303      	BCF        STATUS, 6
0x0009	0x00FC      	MOVWF      R12
0x000A	0x3047      	MOVLW      71
0x000B	0x00FD      	MOVWF      R13
L_Delay_5500us5:
0x000C	0x0BFD      	DECFSZ     R13, 1
0x000D	0x280C      	GOTO       L_Delay_5500us5
0x000E	0x0BFC      	DECFSZ     R12, 1
0x000F	0x280C      	GOTO       L_Delay_5500us5
0x0010	0x0000      	NOP
0x0011	0x0000      	NOP
;__Lib_Delays.c,33 :: 		}
L_end_Delay_5500us:
0x0012	0x0008      	RETURN
; end of _Delay_5500us
_Delay_50us:
;__Lib_Delays.c,19 :: 		void Delay_50us() {
;__Lib_Delays.c,20 :: 		Delay_us(50);
0x0013	0x3021      	MOVLW      33
0x0014	0x1283      	BCF        STATUS, 5
0x0015	0x1303      	BCF        STATUS, 6
0x0016	0x00FD      	MOVWF      R13
L_Delay_50us2:
0x0017	0x0BFD      	DECFSZ     R13, 1
0x0018	0x2817      	GOTO       L_Delay_50us2
;__Lib_Delays.c,21 :: 		}
L_end_Delay_50us:
0x0019	0x0008      	RETURN
; end of _Delay_50us
_Lcd_Cmd:
;__Lib_Lcd.c,18 :: 		
;__Lib_Lcd.c,20 :: 		
0x001A	0x1683      	BSF        STATUS, 5
0x001B	0x1303      	BCF        STATUS, 6
0x001C	0x1BD4      	BTFSC      FARG_Lcd_Cmd_out_char, 7
0x001D	0x2821      	GOTO       L__Lcd_Cmd21
0x001E	0x1283      	BCF        STATUS, 5
0x001F	0x1386      	BCF        LCD_D7, BitPos(LCD_D7+0)
0x0020	0x2823      	GOTO       L__Lcd_Cmd22
L__Lcd_Cmd21:
0x0021	0x1283      	BCF        STATUS, 5
0x0022	0x1786      	BSF        LCD_D7, BitPos(LCD_D7+0)
L__Lcd_Cmd22:
;__Lib_Lcd.c,21 :: 		
0x0023	0x1683      	BSF        STATUS, 5
0x0024	0x1B54      	BTFSC      FARG_Lcd_Cmd_out_char, 6
0x0025	0x2829      	GOTO       L__Lcd_Cmd23
0x0026	0x1283      	BCF        STATUS, 5
0x0027	0x1306      	BCF        LCD_D6, BitPos(LCD_D6+0)
0x0028	0x282B      	GOTO       L__Lcd_Cmd24
L__Lcd_Cmd23:
0x0029	0x1283      	BCF        STATUS, 5
0x002A	0x1706      	BSF        LCD_D6, BitPos(LCD_D6+0)
L__Lcd_Cmd24:
;__Lib_Lcd.c,22 :: 		
0x002B	0x1683      	BSF        STATUS, 5
0x002C	0x1AD4      	BTFSC      FARG_Lcd_Cmd_out_char, 5
0x002D	0x2831      	GOTO       L__Lcd_Cmd25
0x002E	0x1283      	BCF        STATUS, 5
0x002F	0x1286      	BCF        LCD_D5, BitPos(LCD_D5+0)
0x0030	0x2833      	GOTO       L__Lcd_Cmd26
L__Lcd_Cmd25:
0x0031	0x1283      	BCF        STATUS, 5
0x0032	0x1686      	BSF        LCD_D5, BitPos(LCD_D5+0)
L__Lcd_Cmd26:
;__Lib_Lcd.c,23 :: 		
0x0033	0x1683      	BSF        STATUS, 5
0x0034	0x1A54      	BTFSC      FARG_Lcd_Cmd_out_char, 4
0x0035	0x2839      	GOTO       L__Lcd_Cmd27
0x0036	0x1283      	BCF        STATUS, 5
0x0037	0x1206      	BCF        LCD_D4, BitPos(LCD_D4+0)
0x0038	0x283B      	GOTO       L__Lcd_Cmd28
L__Lcd_Cmd27:
0x0039	0x1283      	BCF        STATUS, 5
0x003A	0x1606      	BSF        LCD_D4, BitPos(LCD_D4+0)
L__Lcd_Cmd28:
;__Lib_Lcd.c,25 :: 		
0x003B	0x186D      	BTFSC      __Lib_Lcd_cmd_status, BitPos(__Lib_Lcd_cmd_status+0)
0x003C	0x283F      	GOTO       L__Lcd_Cmd29
0x003D	0x1506      	BSF        LCD_RS, BitPos(LCD_RS+0)
0x003E	0x2840      	GOTO       L__Lcd_Cmd30
L__Lcd_Cmd29:
0x003F	0x1106      	BCF        LCD_RS, BitPos(LCD_RS+0)
L__Lcd_Cmd30:
;__Lib_Lcd.c,28 :: 		
0x0040	0x1586      	BSF        LCD_EN, BitPos(LCD_EN+0)
;__Lib_Lcd.c,29 :: 		
0x0041	0x2003      	CALL       _Delay_1us
;__Lib_Lcd.c,30 :: 		
0x0042	0x1186      	BCF        LCD_EN, BitPos(LCD_EN+0)
;__Lib_Lcd.c,33 :: 		
0x0043	0x1683      	BSF        STATUS, 5
0x0044	0x19D4      	BTFSC      FARG_Lcd_Cmd_out_char, 3
0x0045	0x2849      	GOTO       L__Lcd_Cmd31
0x0046	0x1283      	BCF        STATUS, 5
0x0047	0x1386      	BCF        LCD_D7, BitPos(LCD_D7+0)
0x0048	0x284B      	GOTO       L__Lcd_Cmd32
L__Lcd_Cmd31:
0x0049	0x1283      	BCF        STATUS, 5
0x004A	0x1786      	BSF        LCD_D7, BitPos(LCD_D7+0)
L__Lcd_Cmd32:
;__Lib_Lcd.c,34 :: 		
0x004B	0x1683      	BSF        STATUS, 5
0x004C	0x1954      	BTFSC      FARG_Lcd_Cmd_out_char, 2
0x004D	0x2851      	GOTO       L__Lcd_Cmd33
0x004E	0x1283      	BCF        STATUS, 5
0x004F	0x1306      	BCF        LCD_D6, BitPos(LCD_D6+0)
0x0050	0x2853      	GOTO       L__Lcd_Cmd34
L__Lcd_Cmd33:
0x0051	0x1283      	BCF        STATUS, 5
0x0052	0x1706      	BSF        LCD_D6, BitPos(LCD_D6+0)
L__Lcd_Cmd34:
;__Lib_Lcd.c,35 :: 		
0x0053	0x1683      	BSF        STATUS, 5
0x0054	0x18D4      	BTFSC      FARG_Lcd_Cmd_out_char, 1
0x0055	0x2859      	GOTO       L__Lcd_Cmd35
0x0056	0x1283      	BCF        STATUS, 5
0x0057	0x1286      	BCF        LCD_D5, BitPos(LCD_D5+0)
0x0058	0x285B      	GOTO       L__Lcd_Cmd36
L__Lcd_Cmd35:
0x0059	0x1283      	BCF        STATUS, 5
0x005A	0x1686      	BSF        LCD_D5, BitPos(LCD_D5+0)
L__Lcd_Cmd36:
;__Lib_Lcd.c,36 :: 		
0x005B	0x1683      	BSF        STATUS, 5
0x005C	0x1854      	BTFSC      FARG_Lcd_Cmd_out_char, 0
0x005D	0x2861      	GOTO       L__Lcd_Cmd37
0x005E	0x1283      	BCF        STATUS, 5
0x005F	0x1206      	BCF        LCD_D4, BitPos(LCD_D4+0)
0x0060	0x2863      	GOTO       L__Lcd_Cmd38
L__Lcd_Cmd37:
0x0061	0x1283      	BCF        STATUS, 5
0x0062	0x1606      	BSF        LCD_D4, BitPos(LCD_D4+0)
L__Lcd_Cmd38:
;__Lib_Lcd.c,38 :: 		
0x0063	0x186D      	BTFSC      __Lib_Lcd_cmd_status, BitPos(__Lib_Lcd_cmd_status+0)
0x0064	0x2867      	GOTO       L__Lcd_Cmd39
0x0065	0x1506      	BSF        LCD_RS, BitPos(LCD_RS+0)
0x0066	0x2868      	GOTO       L__Lcd_Cmd40
L__Lcd_Cmd39:
0x0067	0x1106      	BCF        LCD_RS, BitPos(LCD_RS+0)
L__Lcd_Cmd40:
;__Lib_Lcd.c,40 :: 		
0x0068	0x1586      	BSF        LCD_EN, BitPos(LCD_EN+0)
;__Lib_Lcd.c,41 :: 		
0x0069	0x2003      	CALL       _Delay_1us
;__Lib_Lcd.c,42 :: 		
0x006A	0x1186      	BCF        LCD_EN, BitPos(LCD_EN+0)
;__Lib_Lcd.c,44 :: 		
0x006B	0x1C6D      	BTFSS      __Lib_Lcd_cmd_status, BitPos(__Lib_Lcd_cmd_status+0)
0x006C	0x286F      	GOTO       L_Lcd_Cmd0
;__Lib_Lcd.c,45 :: 		
0x006D	0x2006      	CALL       _Delay_5500us
0x006E	0x2870      	GOTO       L_Lcd_Cmd1
L_Lcd_Cmd0:
;__Lib_Lcd.c,47 :: 		
0x006F	0x2013      	CALL       _Delay_50us
L_Lcd_Cmd1:
;__Lib_Lcd.c,48 :: 		
L_end_Lcd_Cmd:
0x0070	0x0008      	RETURN
; end of _Lcd_Cmd
_EEPROM_Write:
;__Lib_EEPROM.c,16 :: 		
;__Lib_EEPROM.c,20 :: 		
L_EEPROM_Write0:
0x0071	0x1683      	BSF        STATUS, 5
0x0072	0x1703      	BSF        STATUS, 6
0x0073	0x1C8C      	BTFSS      EECON1, 1
0x0074	0x2877      	GOTO       L_EEPROM_Write1
0x0075	0x0000      	NOP
0x0076	0x2871      	GOTO       L_EEPROM_Write0
L_EEPROM_Write1:
;__Lib_EEPROM.c,21 :: 		
0x0077	0x1303      	BCF        STATUS, 6
0x0078	0x0852      	MOVF       FARG_EEPROM_Write_Address, 0
0x0079	0x1283      	BCF        STATUS, 5
0x007A	0x1703      	BSF        STATUS, 6
0x007B	0x008D      	MOVWF      EEADR
;__Lib_EEPROM.c,22 :: 		
0x007C	0x1683      	BSF        STATUS, 5
0x007D	0x1303      	BCF        STATUS, 6
0x007E	0x0853      	MOVF       FARG_EEPROM_Write_data_, 0
0x007F	0x1283      	BCF        STATUS, 5
0x0080	0x1703      	BSF        STATUS, 6
0x0081	0x008C      	MOVWF      EEDATA
;__Lib_EEPROM.c,23 :: 		
0x0082	0x1683      	BSF        STATUS, 5
0x0083	0x138C      	BCF        EECON1, 7
;__Lib_EEPROM.c,24 :: 		
0x0084	0x150C      	BSF        EECON1, 2
;__Lib_EEPROM.c,26 :: 		
0x0085	0x080B      	MOVF       INTCON, 0
0x0086	0x00F0      	MOVWF      R0
;__Lib_EEPROM.c,29 :: 		
0x0087	0x138B      	BCF        INTCON, 7
;__Lib_EEPROM.c,30 :: 		
0x0088	0x3055      	MOVLW      85
0x0089	0x008D      	MOVWF      EECON2
;__Lib_EEPROM.c,31 :: 		
0x008A	0x30AA      	MOVLW      170
0x008B	0x008D      	MOVWF      EECON2
;__Lib_EEPROM.c,32 :: 		
0x008C	0x148C      	BSF        EECON1, 1
;__Lib_EEPROM.c,36 :: 		
0x008D	0x1BF0      	BTFSC      R0, 7
0x008E	0x2891      	GOTO       L__EEPROM_Write4
0x008F	0x138B      	BCF        INTCON, 7
0x0090	0x2892      	GOTO       L__EEPROM_Write5
L__EEPROM_Write4:
0x0091	0x178B      	BSF        INTCON, 7
L__EEPROM_Write5:
;__Lib_EEPROM.c,37 :: 		
0x0092	0x110C      	BCF        EECON1, 2
;__Lib_EEPROM.c,38 :: 		
L_end_EEPROM_Write:
0x0093	0x0008      	RETURN
; end of _EEPROM_Write
_Lcd_Chr_CP:
;__Lib_Lcd.c,50 :: 		
;__Lib_Lcd.c,52 :: 		
0x0094	0x1283      	BCF        STATUS, 5
0x0095	0x1303      	BCF        STATUS, 6
0x0096	0x106D      	BCF        __Lib_Lcd_cmd_status, BitPos(__Lib_Lcd_cmd_status+0)
;__Lib_Lcd.c,53 :: 		
0x0097	0x1683      	BSF        STATUS, 5
0x0098	0x0852      	MOVF       FARG_Lcd_Chr_CP_out_char, 0
0x0099	0x00D4      	MOVWF      FARG_Lcd_Cmd_out_char
0x009A	0x201A      	CALL       _Lcd_Cmd
;__Lib_Lcd.c,54 :: 		
0x009B	0x146D      	BSF        __Lib_Lcd_cmd_status, BitPos(__Lib_Lcd_cmd_status+0)
;__Lib_Lcd.c,55 :: 		
L_end_Lcd_Chr_CP:
0x009C	0x0008      	RETURN
; end of _Lcd_Chr_CP
_____DoICP:
;__Lib_System.c,6 :: 		
;__Lib_System.c,9 :: 		
0x009D	0x1283      	BCF        STATUS, 5
0x009E	0x1303      	BCF        STATUS, 6
0x009F	0x086F      	MOVF       ___DoICPAddr+1, 0
0x00A0	0x008A      	MOVWF      PCLATH
;__Lib_System.c,10 :: 		
0x00A1	0x086E      	MOVF       ___DoICPAddr, 0
0x00A2	0x0082      	MOVWF      PCL
;__Lib_System.c,12 :: 		
L_end_____DoICP:
0x00A3	0x0008      	RETURN
; end of _____DoICP
_save_pass:
;Secure.c,32 :: 		void save_pass() {
;Secure.c,33 :: 		EEPROM_Write(0x00, pass[0]);
0x00A4	0x1683      	BSF        STATUS, 5
0x00A5	0x1303      	BCF        STATUS, 6
0x00A6	0x01D2      	CLRF       FARG_EEPROM_Write_Address
0x00A7	0x1283      	BCF        STATUS, 5
0x00A8	0x086A      	MOVF       _pass, 0
0x00A9	0x1683      	BSF        STATUS, 5
0x00AA	0x00D3      	MOVWF      FARG_EEPROM_Write_data_
0x00AB	0x2071      	CALL       _EEPROM_Write
;Secure.c,34 :: 		EEPROM_Write(0x01, pass[1]);
0x00AC	0x3001      	MOVLW      1
0x00AD	0x1303      	BCF        STATUS, 6
0x00AE	0x00D2      	MOVWF      FARG_EEPROM_Write_Address
0x00AF	0x1283      	BCF        STATUS, 5
0x00B0	0x086B      	MOVF       _pass+1, 0
0x00B1	0x1683      	BSF        STATUS, 5
0x00B2	0x00D3      	MOVWF      FARG_EEPROM_Write_data_
0x00B3	0x2071      	CALL       _EEPROM_Write
;Secure.c,35 :: 		EEPROM_Write(0x02, pass[2]);
0x00B4	0x3002      	MOVLW      2
0x00B5	0x1303      	BCF        STATUS, 6
0x00B6	0x00D2      	MOVWF      FARG_EEPROM_Write_Address
0x00B7	0x1283      	BCF        STATUS, 5
0x00B8	0x086C      	MOVF       _pass+2, 0
0x00B9	0x1683      	BSF        STATUS, 5
0x00BA	0x00D3      	MOVWF      FARG_EEPROM_Write_data_
0x00BB	0x2071      	CALL       _EEPROM_Write
;Secure.c,36 :: 		}
L_end_save_pass:
0x00BC	0x0008      	RETURN
; end of _save_pass
_Lcd_Out:
;__Lib_Lcd.c,184 :: 		
;__Lib_Lcd.c,187 :: 		
0x00BD	0x28CF      	GOTO       L_Lcd_Out11
;__Lib_Lcd.c,188 :: 		
L_Lcd_Out13:
0x00BE	0x3080      	MOVLW      128
0x00BF	0x1683      	BSF        STATUS, 5
0x00C0	0x1303      	BCF        STATUS, 6
0x00C1	0x00CE      	MOVWF      FARG_Lcd_Out_row
0x00C2	0x28E2      	GOTO       L_Lcd_Out12
;__Lib_Lcd.c,189 :: 		
L_Lcd_Out14:
0x00C3	0x30C0      	MOVLW      192
0x00C4	0x00CE      	MOVWF      FARG_Lcd_Out_row
0x00C5	0x28E2      	GOTO       L_Lcd_Out12
;__Lib_Lcd.c,190 :: 		
L_Lcd_Out15:
0x00C6	0x3094      	MOVLW      148
0x00C7	0x00CE      	MOVWF      FARG_Lcd_Out_row
0x00C8	0x28E2      	GOTO       L_Lcd_Out12
;__Lib_Lcd.c,191 :: 		
L_Lcd_Out16:
0x00C9	0x30D4      	MOVLW      212
0x00CA	0x00CE      	MOVWF      FARG_Lcd_Out_row
0x00CB	0x28E2      	GOTO       L_Lcd_Out12
;__Lib_Lcd.c,192 :: 		
L_Lcd_Out17:
0x00CC	0x3080      	MOVLW      128
0x00CD	0x00CE      	MOVWF      FARG_Lcd_Out_row
;__Lib_Lcd.c,193 :: 		
0x00CE	0x28E2      	GOTO       L_Lcd_Out12
L_Lcd_Out11:
0x00CF	0x1683      	BSF        STATUS, 5
0x00D0	0x1303      	BCF        STATUS, 6
0x00D1	0x084E      	MOVF       FARG_Lcd_Out_row, 0
0x00D2	0x3A01      	XORLW      1
0x00D3	0x1903      	BTFSC      STATUS, 2
0x00D4	0x28BE      	GOTO       L_Lcd_Out13
0x00D5	0x084E      	MOVF       FARG_Lcd_Out_row, 0
0x00D6	0x3A02      	XORLW      2
0x00D7	0x1903      	BTFSC      STATUS, 2
0x00D8	0x28C3      	GOTO       L_Lcd_Out14
0x00D9	0x084E      	MOVF       FARG_Lcd_Out_row, 0
0x00DA	0x3A03      	XORLW      3
0x00DB	0x1903      	BTFSC      STATUS, 2
0x00DC	0x28C6      	GOTO       L_Lcd_Out15
0x00DD	0x084E      	MOVF       FARG_Lcd_Out_row, 0
0x00DE	0x3A04      	XORLW      4
0x00DF	0x1903      	BTFSC      STATUS, 2
0x00E0	0x28C9      	GOTO       L_Lcd_Out16
0x00E1	0x28CC      	GOTO       L_Lcd_Out17
L_Lcd_Out12:
;__Lib_Lcd.c,194 :: 		
0x00E2	0x034F      	DECF       FARG_Lcd_Out_column, 0
0x00E3	0x00F0      	MOVWF      R0
0x00E4	0x084E      	MOVF       FARG_Lcd_Out_row, 0
0x00E5	0x07F0      	ADDWF      R0, 1
0x00E6	0x0870      	MOVF       R0, 0
0x00E7	0x00CE      	MOVWF      FARG_Lcd_Out_row
;__Lib_Lcd.c,196 :: 		
0x00E8	0x0870      	MOVF       R0, 0
0x00E9	0x00D4      	MOVWF      FARG_Lcd_Cmd_out_char
0x00EA	0x201A      	CALL       _Lcd_Cmd
;__Lib_Lcd.c,197 :: 		
0x00EB	0x106D      	BCF        __Lib_Lcd_cmd_status, BitPos(__Lib_Lcd_cmd_status+0)
;__Lib_Lcd.c,198 :: 		
0x00EC	0x1683      	BSF        STATUS, 5
0x00ED	0x01D1      	CLRF       Lcd_Out_i_L0
;__Lib_Lcd.c,199 :: 		
L_Lcd_Out18:
0x00EE	0x0851      	MOVF       Lcd_Out_i_L0, 0
0x00EF	0x0750      	ADDWF      FARG_Lcd_Out_text, 0
0x00F0	0x0084      	MOVWF      FSR
0x00F1	0x0800      	MOVF       INDF, 0
0x00F2	0x1903      	BTFSC      STATUS, 2
0x00F3	0x28FD      	GOTO       L_Lcd_Out19
;__Lib_Lcd.c,200 :: 		
0x00F4	0x0851      	MOVF       Lcd_Out_i_L0, 0
0x00F5	0x0750      	ADDWF      FARG_Lcd_Out_text, 0
0x00F6	0x0084      	MOVWF      FSR
0x00F7	0x0800      	MOVF       INDF, 0
0x00F8	0x00D2      	MOVWF      FARG_Lcd_Chr_CP_out_char
0x00F9	0x2094      	CALL       _Lcd_Chr_CP
0x00FA	0x1683      	BSF        STATUS, 5
0x00FB	0x0AD1      	INCF       Lcd_Out_i_L0, 1
0x00FC	0x28EE      	GOTO       L_Lcd_Out18
L_Lcd_Out19:
;__Lib_Lcd.c,201 :: 		
0x00FD	0x1283      	BCF        STATUS, 5
0x00FE	0x146D      	BSF        __Lib_Lcd_cmd_status, BitPos(__Lib_Lcd_cmd_status+0)
;__Lib_Lcd.c,202 :: 		
L_end_Lcd_Out:
0x00FF	0x0008      	RETURN
; end of _Lcd_Out
_EEPROM_Read:
;__Lib_EEPROM.c,4 :: 		
;__Lib_EEPROM.c,5 :: 		
0x0100	0x1683      	BSF        STATUS, 5
0x0101	0x1303      	BCF        STATUS, 6
0x0102	0x084E      	MOVF       FARG_EEPROM_Read_Address, 0
0x0103	0x1283      	BCF        STATUS, 5
0x0104	0x1703      	BSF        STATUS, 6
0x0105	0x008D      	MOVWF      EEADR
;__Lib_EEPROM.c,6 :: 		
0x0106	0x1683      	BSF        STATUS, 5
0x0107	0x138C      	BCF        EECON1, 7
;__Lib_EEPROM.c,12 :: 		
0x0108	0x140C      	BSF        EECON1, 0
;__Lib_EEPROM.c,13 :: 		
0x0109	0x1283      	BCF        STATUS, 5
0x010A	0x080C      	MOVF       EEDATA, 0
0x010B	0x00F0      	MOVWF      R0
;__Lib_EEPROM.c,14 :: 		
L_end_EEPROM_Read:
0x010C	0x0008      	RETURN
; end of _EEPROM_Read
_Lcd_Chr:
;__Lib_Lcd.c,65 :: 		
;__Lib_Lcd.c,66 :: 		
0x010D	0x291F      	GOTO       L_Lcd_Chr4
;__Lib_Lcd.c,67 :: 		
L_Lcd_Chr6:
0x010E	0x3080      	MOVLW      128
0x010F	0x1683      	BSF        STATUS, 5
0x0110	0x1303      	BCF        STATUS, 6
0x0111	0x00CE      	MOVWF      FARG_Lcd_Chr_row
0x0112	0x2932      	GOTO       L_Lcd_Chr5
;__Lib_Lcd.c,68 :: 		
L_Lcd_Chr7:
0x0113	0x30C0      	MOVLW      192
0x0114	0x00CE      	MOVWF      FARG_Lcd_Chr_row
0x0115	0x2932      	GOTO       L_Lcd_Chr5
;__Lib_Lcd.c,69 :: 		
L_Lcd_Chr8:
0x0116	0x3094      	MOVLW      148
0x0117	0x00CE      	MOVWF      FARG_Lcd_Chr_row
0x0118	0x2932      	GOTO       L_Lcd_Chr5
;__Lib_Lcd.c,70 :: 		
L_Lcd_Chr9:
0x0119	0x30D4      	MOVLW      212
0x011A	0x00CE      	MOVWF      FARG_Lcd_Chr_row
0x011B	0x2932      	GOTO       L_Lcd_Chr5
;__Lib_Lcd.c,71 :: 		
L_Lcd_Chr10:
0x011C	0x3080      	MOVLW      128
0x011D	0x00CE      	MOVWF      FARG_Lcd_Chr_row
;__Lib_Lcd.c,72 :: 		
0x011E	0x2932      	GOTO       L_Lcd_Chr5
L_Lcd_Chr4:
0x011F	0x1683      	BSF        STATUS, 5
0x0120	0x1303      	BCF        STATUS, 6
0x0121	0x084E      	MOVF       FARG_Lcd_Chr_row, 0
0x0122	0x3A01      	XORLW      1
0x0123	0x1903      	BTFSC      STATUS, 2
0x0124	0x290E      	GOTO       L_Lcd_Chr6
0x0125	0x084E      	MOVF       FARG_Lcd_Chr_row, 0
0x0126	0x3A02      	XORLW      2
0x0127	0x1903      	BTFSC      STATUS, 2
0x0128	0x2913      	GOTO       L_Lcd_Chr7
0x0129	0x084E      	MOVF       FARG_Lcd_Chr_row, 0
0x012A	0x3A03      	XORLW      3
0x012B	0x1903      	BTFSC      STATUS, 2
0x012C	0x2916      	GOTO       L_Lcd_Chr8
0x012D	0x084E      	MOVF       FARG_Lcd_Chr_row, 0
0x012E	0x3A04      	XORLW      4
0x012F	0x1903      	BTFSC      STATUS, 2
0x0130	0x2919      	GOTO       L_Lcd_Chr9
0x0131	0x291C      	GOTO       L_Lcd_Chr10
L_Lcd_Chr5:
;__Lib_Lcd.c,74 :: 		
0x0132	0x034F      	DECF       FARG_Lcd_Chr_column, 0
0x0133	0x00F0      	MOVWF      R0
0x0134	0x084E      	MOVF       FARG_Lcd_Chr_row, 0
0x0135	0x07F0      	ADDWF      R0, 1
0x0136	0x0870      	MOVF       R0, 0
0x0137	0x00CE      	MOVWF      FARG_Lcd_Chr_row
;__Lib_Lcd.c,76 :: 		
0x0138	0x1283      	BCF        STATUS, 5
0x0139	0x146D      	BSF        __Lib_Lcd_cmd_status, BitPos(__Lib_Lcd_cmd_status+0)
;__Lib_Lcd.c,77 :: 		
0x013A	0x0870      	MOVF       R0, 0
0x013B	0x1683      	BSF        STATUS, 5
0x013C	0x00D4      	MOVWF      FARG_Lcd_Cmd_out_char
0x013D	0x201A      	CALL       _Lcd_Cmd
;__Lib_Lcd.c,79 :: 		
0x013E	0x106D      	BCF        __Lib_Lcd_cmd_status, BitPos(__Lib_Lcd_cmd_status+0)
;__Lib_Lcd.c,80 :: 		
0x013F	0x1683      	BSF        STATUS, 5
0x0140	0x0850      	MOVF       FARG_Lcd_Chr_out_char, 0
0x0141	0x00D4      	MOVWF      FARG_Lcd_Cmd_out_char
0x0142	0x201A      	CALL       _Lcd_Cmd
;__Lib_Lcd.c,81 :: 		
0x0143	0x146D      	BSF        __Lib_Lcd_cmd_status, BitPos(__Lib_Lcd_cmd_status+0)
;__Lib_Lcd.c,82 :: 		
L_end_Lcd_Chr:
0x0144	0x0008      	RETURN
; end of _Lcd_Chr
_show_digits:
;Secure.c,46 :: 		void show_digits() {
;Secure.c,47 :: 		txt_val[0] = input[0] + '0';
0x0145	0x3030      	MOVLW      48
0x0146	0x1283      	BCF        STATUS, 5
0x0147	0x1303      	BCF        STATUS, 6
0x0148	0x0724      	ADDWF      _input, 0
0x0149	0x00A0      	MOVWF      _txt_val
;Secure.c,48 :: 		txt_val[1] = input[1] + '0';
0x014A	0x3030      	MOVLW      48
0x014B	0x0725      	ADDWF      _input+1, 0
0x014C	0x00A1      	MOVWF      _txt_val+1
;Secure.c,49 :: 		txt_val[2] = input[2] + '0';
0x014D	0x3030      	MOVLW      48
0x014E	0x0726      	ADDWF      _input+2, 0
0x014F	0x00A2      	MOVWF      _txt_val+2
;Secure.c,50 :: 		Lcd_Out(2, 7, txt_val);
0x0150	0x3002      	MOVLW      2
0x0151	0x1683      	BSF        STATUS, 5
0x0152	0x00CE      	MOVWF      FARG_Lcd_Out_row
0x0153	0x3007      	MOVLW      7
0x0154	0x00CF      	MOVWF      FARG_Lcd_Out_column
0x0155	0x3020      	MOVLW      _txt_val
0x0156	0x00D0      	MOVWF      FARG_Lcd_Out_text
0x0157	0x20BD      	CALL       _Lcd_Out
;Secure.c,52 :: 		Lcd_Chr(2, 7 + cursor, '_');
0x0158	0x3002      	MOVLW      2
0x0159	0x1683      	BSF        STATUS, 5
0x015A	0x00CE      	MOVWF      FARG_Lcd_Chr_row
0x015B	0x1283      	BCF        STATUS, 5
0x015C	0x0827      	MOVF       _cursor, 0
0x015D	0x3E07      	ADDLW      7
0x015E	0x1683      	BSF        STATUS, 5
0x015F	0x00CF      	MOVWF      FARG_Lcd_Chr_column
0x0160	0x305F      	MOVLW      95
0x0161	0x00D0      	MOVWF      FARG_Lcd_Chr_out_char
0x0162	0x210D      	CALL       _Lcd_Chr
;Secure.c,53 :: 		}
L_end_show_digits:
0x0163	0x0008      	RETURN
; end of _show_digits
_snd_click:
;Secure.c,27 :: 		void snd_click() { BUZZER = 1; Delay_ms(40); BUZZER = 0; }
0x0164	0x1283      	BCF        STATUS, 5
0x0165	0x1303      	BCF        STATUS, 6
0x0166	0x1488      	BSF        RD1_bit, BitPos(RD1_bit+0)
0x0167	0x3068      	MOVLW      104
0x0168	0x00FC      	MOVWF      R12
0x0169	0x30E4      	MOVLW      228
0x016A	0x00FD      	MOVWF      R13
L_snd_click0:
0x016B	0x0BFD      	DECFSZ     R13, 1
0x016C	0x296B      	GOTO       L_snd_click0
0x016D	0x0BFC      	DECFSZ     R12, 1
0x016E	0x296B      	GOTO       L_snd_click0
0x016F	0x0000      	NOP
0x0170	0x1088      	BCF        RD1_bit, BitPos(RD1_bit+0)
L_end_snd_click:
0x0171	0x0008      	RETURN
; end of _snd_click
_snd_ok:
;Secure.c,28 :: 		void snd_ok()    { int i; for(i=0;i<3;i++){BUZZER=1; Delay_ms(80); BUZZER=0; Delay_ms(40);} }
0x0172	0x1283      	BCF        STATUS, 5
0x0173	0x1303      	BCF        STATUS, 6
0x0174	0x01F1      	CLRF       R1
0x0175	0x01F2      	CLRF       R1+1
L_snd_ok1:
0x0176	0x3080      	MOVLW      128
0x0177	0x0672      	XORWF      R1+1, 0
0x0178	0x00F0      	MOVWF      R0
0x0179	0x3080      	MOVLW      128
0x017A	0x0270      	SUBWF      R0, 0
0x017B	0x1D03      	BTFSS      STATUS, 2
0x017C	0x297F      	GOTO       L__snd_ok44
0x017D	0x3003      	MOVLW      3
0x017E	0x0271      	SUBWF      R1, 0
L__snd_ok44:
0x017F	0x1803      	BTFSC      STATUS, 0
0x0180	0x299A      	GOTO       L_snd_ok2
0x0181	0x1488      	BSF        RD1_bit, BitPos(RD1_bit+0)
0x0182	0x30D0      	MOVLW      208
0x0183	0x00FC      	MOVWF      R12
0x0184	0x30C9      	MOVLW      201
0x0185	0x00FD      	MOVWF      R13
L_snd_ok4:
0x0186	0x0BFD      	DECFSZ     R13, 1
0x0187	0x2986      	GOTO       L_snd_ok4
0x0188	0x0BFC      	DECFSZ     R12, 1
0x0189	0x2986      	GOTO       L_snd_ok4
0x018A	0x0000      	NOP
0x018B	0x0000      	NOP
0x018C	0x1088      	BCF        RD1_bit, BitPos(RD1_bit+0)
0x018D	0x3068      	MOVLW      104
0x018E	0x00FC      	MOVWF      R12
0x018F	0x30E4      	MOVLW      228
0x0190	0x00FD      	MOVWF      R13
L_snd_ok5:
0x0191	0x0BFD      	DECFSZ     R13, 1
0x0192	0x2991      	GOTO       L_snd_ok5
0x0193	0x0BFC      	DECFSZ     R12, 1
0x0194	0x2991      	GOTO       L_snd_ok5
0x0195	0x0000      	NOP
0x0196	0x0AF1      	INCF       R1, 1
0x0197	0x1903      	BTFSC      STATUS, 2
0x0198	0x0AF2      	INCF       R1+1, 1
0x0199	0x2976      	GOTO       L_snd_ok1
L_snd_ok2:
L_end_snd_ok:
0x019A	0x0008      	RETURN
; end of _snd_ok
_load_pass:
;Secure.c,38 :: 		void load_pass() {
;Secure.c,39 :: 		pass[0] = EEPROM_Read(0x00);
0x019B	0x1683      	BSF        STATUS, 5
0x019C	0x1303      	BCF        STATUS, 6
0x019D	0x01CE      	CLRF       FARG_EEPROM_Read_Address
0x019E	0x2100      	CALL       _EEPROM_Read
0x019F	0x0870      	MOVF       R0, 0
0x01A0	0x1303      	BCF        STATUS, 6
0x01A1	0x00EA      	MOVWF      _pass
;Secure.c,40 :: 		pass[1] = EEPROM_Read(0x01);
0x01A2	0x3001      	MOVLW      1
0x01A3	0x1683      	BSF        STATUS, 5
0x01A4	0x00CE      	MOVWF      FARG_EEPROM_Read_Address
0x01A5	0x2100      	CALL       _EEPROM_Read
0x01A6	0x0870      	MOVF       R0, 0
0x01A7	0x1303      	BCF        STATUS, 6
0x01A8	0x00EB      	MOVWF      _pass+1
;Secure.c,41 :: 		pass[2] = EEPROM_Read(0x02);
0x01A9	0x3002      	MOVLW      2
0x01AA	0x1683      	BSF        STATUS, 5
0x01AB	0x00CE      	MOVWF      FARG_EEPROM_Read_Address
0x01AC	0x2100      	CALL       _EEPROM_Read
0x01AD	0x0870      	MOVF       R0, 0
0x01AE	0x1303      	BCF        STATUS, 6
0x01AF	0x00EC      	MOVWF      _pass+2
;Secure.c,43 :: 		if(pass[0] > 9) { pass[0]=0; pass[1]=0; pass[2]=0; save_pass(); }
0x01B0	0x086A      	MOVF       _pass, 0
0x01B1	0x3C09      	SUBLW      9
0x01B2	0x1803      	BTFSC      STATUS, 0
0x01B3	0x29B8      	GOTO       L_load_pass7
0x01B4	0x01EA      	CLRF       _pass
0x01B5	0x01EB      	CLRF       _pass+1
0x01B6	0x01EC      	CLRF       _pass+2
0x01B7	0x20A4      	CALL       _save_pass
L_load_pass7:
;Secure.c,44 :: 		}
L_end_load_pass:
0x01B8	0x0008      	RETURN
; end of _load_pass
_Lcd_Init:
;__Lib_Lcd.c,84 :: 		
;__Lib_Lcd.c,86 :: 		
0x01B9	0x1683      	BSF        STATUS, 5
0x01BA	0x1303      	BCF        STATUS, 6
0x01BB	0x1186      	BCF        LCD_EN_Direction, BitPos(LCD_EN_Direction+0)
;__Lib_Lcd.c,87 :: 		
0x01BC	0x1106      	BCF        LCD_RS_Direction, BitPos(LCD_RS_Direction+0)
;__Lib_Lcd.c,88 :: 		
0x01BD	0x1206      	BCF        LCD_D4_Direction, BitPos(LCD_D4_Direction+0)
;__Lib_Lcd.c,89 :: 		
0x01BE	0x1286      	BCF        LCD_D5_Direction, BitPos(LCD_D5_Direction+0)
;__Lib_Lcd.c,90 :: 		
0x01BF	0x1306      	BCF        LCD_D6_Direction, BitPos(LCD_D6_Direction+0)
;__Lib_Lcd.c,91 :: 		
0x01C0	0x1386      	BCF        LCD_D7_Direction, BitPos(LCD_D7_Direction+0)
;__Lib_Lcd.c,93 :: 		
0x01C1	0x1283      	BCF        STATUS, 5
0x01C2	0x1186      	BCF        LCD_EN, BitPos(LCD_EN+0)
;__Lib_Lcd.c,94 :: 		
0x01C3	0x1106      	BCF        LCD_RS, BitPos(LCD_RS+0)
;__Lib_Lcd.c,95 :: 		
0x01C4	0x1386      	BCF        LCD_D7, BitPos(LCD_D7+0)
;__Lib_Lcd.c,96 :: 		
0x01C5	0x1306      	BCF        LCD_D6, BitPos(LCD_D6+0)
;__Lib_Lcd.c,97 :: 		
0x01C6	0x1286      	BCF        LCD_D5, BitPos(LCD_D5+0)
;__Lib_Lcd.c,98 :: 		
0x01C7	0x1206      	BCF        LCD_D4, BitPos(LCD_D4+0)
;__Lib_Lcd.c,100 :: 		
0x01C8	0x2006      	CALL       _Delay_5500us
;__Lib_Lcd.c,101 :: 		
0x01C9	0x2006      	CALL       _Delay_5500us
;__Lib_Lcd.c,102 :: 		
0x01CA	0x2006      	CALL       _Delay_5500us
;__Lib_Lcd.c,105 :: 		
0x01CB	0x1686      	BSF        LCD_D5, BitPos(LCD_D5+0)
;__Lib_Lcd.c,106 :: 		
0x01CC	0x1606      	BSF        LCD_D4, BitPos(LCD_D4+0)
;__Lib_Lcd.c,107 :: 		
0x01CD	0x1586      	BSF        LCD_EN, BitPos(LCD_EN+0)
;__Lib_Lcd.c,108 :: 		
0x01CE	0x2003      	CALL       _Delay_1us
;__Lib_Lcd.c,109 :: 		
0x01CF	0x1186      	BCF        LCD_EN, BitPos(LCD_EN+0)
;__Lib_Lcd.c,110 :: 		
0x01D0	0x2006      	CALL       _Delay_5500us
;__Lib_Lcd.c,112 :: 		
0x01D1	0x1586      	BSF        LCD_EN, BitPos(LCD_EN+0)
;__Lib_Lcd.c,113 :: 		
0x01D2	0x2003      	CALL       _Delay_1us
;__Lib_Lcd.c,114 :: 		
0x01D3	0x1186      	BCF        LCD_EN, BitPos(LCD_EN+0)
;__Lib_Lcd.c,115 :: 		
0x01D4	0x2006      	CALL       _Delay_5500us
;__Lib_Lcd.c,117 :: 		
0x01D5	0x1586      	BSF        LCD_EN, BitPos(LCD_EN+0)
;__Lib_Lcd.c,118 :: 		
0x01D6	0x2003      	CALL       _Delay_1us
;__Lib_Lcd.c,119 :: 		
0x01D7	0x1186      	BCF        LCD_EN, BitPos(LCD_EN+0)
;__Lib_Lcd.c,120 :: 		
0x01D8	0x2006      	CALL       _Delay_5500us
;__Lib_Lcd.c,123 :: 		
0x01D9	0x1206      	BCF        LCD_D4, BitPos(LCD_D4+0)
;__Lib_Lcd.c,124 :: 		
0x01DA	0x1586      	BSF        LCD_EN, BitPos(LCD_EN+0)
;__Lib_Lcd.c,125 :: 		
0x01DB	0x2003      	CALL       _Delay_1us
;__Lib_Lcd.c,126 :: 		
0x01DC	0x1186      	BCF        LCD_EN, BitPos(LCD_EN+0)
;__Lib_Lcd.c,127 :: 		
0x01DD	0x2006      	CALL       _Delay_5500us
;__Lib_Lcd.c,130 :: 		
0x01DE	0x1586      	BSF        LCD_EN, BitPos(LCD_EN+0)
;__Lib_Lcd.c,131 :: 		
0x01DF	0x2003      	CALL       _Delay_1us
;__Lib_Lcd.c,132 :: 		
0x01E0	0x1186      	BCF        LCD_EN, BitPos(LCD_EN+0)
;__Lib_Lcd.c,134 :: 		
0x01E1	0x1286      	BCF        LCD_D5, BitPos(LCD_D5+0)
;__Lib_Lcd.c,135 :: 		
0x01E2	0x1786      	BSF        LCD_D7, BitPos(LCD_D7+0)
;__Lib_Lcd.c,136 :: 		
0x01E3	0x1586      	BSF        LCD_EN, BitPos(LCD_EN+0)
;__Lib_Lcd.c,137 :: 		
0x01E4	0x2003      	CALL       _Delay_1us
;__Lib_Lcd.c,138 :: 		
0x01E5	0x1186      	BCF        LCD_EN, BitPos(LCD_EN+0)
;__Lib_Lcd.c,139 :: 		
0x01E6	0x2006      	CALL       _Delay_5500us
;__Lib_Lcd.c,142 :: 		
0x01E7	0x1386      	BCF        LCD_D7, BitPos(LCD_D7+0)
;__Lib_Lcd.c,143 :: 		
0x01E8	0x1606      	BSF        LCD_D4, BitPos(LCD_D4+0)
;__Lib_Lcd.c,144 :: 		
0x01E9	0x1586      	BSF        LCD_EN, BitPos(LCD_EN+0)
;__Lib_Lcd.c,145 :: 		
0x01EA	0x2003      	CALL       _Delay_1us
;__Lib_Lcd.c,146 :: 		
0x01EB	0x1186      	BCF        LCD_EN, BitPos(LCD_EN+0)
;__Lib_Lcd.c,148 :: 		
0x01EC	0x1206      	BCF        LCD_D4, BitPos(LCD_D4+0)
;__Lib_Lcd.c,149 :: 		
0x01ED	0x1586      	BSF        LCD_EN, BitPos(LCD_EN+0)
;__Lib_Lcd.c,150 :: 		
0x01EE	0x2003      	CALL       _Delay_1us
;__Lib_Lcd.c,151 :: 		
0x01EF	0x1186      	BCF        LCD_EN, BitPos(LCD_EN+0)
;__Lib_Lcd.c,152 :: 		
0x01F0	0x2006      	CALL       _Delay_5500us
;__Lib_Lcd.c,155 :: 		
0x01F1	0x1586      	BSF        LCD_EN, BitPos(LCD_EN+0)
;__Lib_Lcd.c,156 :: 		
0x01F2	0x2003      	CALL       _Delay_1us
;__Lib_Lcd.c,157 :: 		
0x01F3	0x1186      	BCF        LCD_EN, BitPos(LCD_EN+0)
;__Lib_Lcd.c,159 :: 		
0x01F4	0x1606      	BSF        LCD_D4, BitPos(LCD_D4+0)
;__Lib_Lcd.c,160 :: 		
0x01F5	0x1586      	BSF        LCD_EN, BitPos(LCD_EN+0)
;__Lib_Lcd.c,161 :: 		
0x01F6	0x2003      	CALL       _Delay_1us
;__Lib_Lcd.c,162 :: 		
0x01F7	0x1186      	BCF        LCD_EN, BitPos(LCD_EN+0)
;__Lib_Lcd.c,163 :: 		
0x01F8	0x2006      	CALL       _Delay_5500us
;__Lib_Lcd.c,166 :: 		
0x01F9	0x1206      	BCF        LCD_D4, BitPos(LCD_D4+0)
;__Lib_Lcd.c,167 :: 		
0x01FA	0x1586      	BSF        LCD_EN, BitPos(LCD_EN+0)
;__Lib_Lcd.c,168 :: 		
0x01FB	0x2003      	CALL       _Delay_1us
;__Lib_Lcd.c,169 :: 		
0x01FC	0x1186      	BCF        LCD_EN, BitPos(LCD_EN+0)
;__Lib_Lcd.c,171 :: 		
0x01FD	0x1786      	BSF        LCD_D7, BitPos(LCD_D7+0)
;__Lib_Lcd.c,172 :: 		
0x01FE	0x1706      	BSF        LCD_D6, BitPos(LCD_D6+0)
;__Lib_Lcd.c,173 :: 		
0x01FF	0x1686      	BSF        LCD_D5, BitPos(LCD_D5+0)
;__Lib_Lcd.c,174 :: 		
0x0200	0x1606      	BSF        LCD_D4, BitPos(LCD_D4+0)
;__Lib_Lcd.c,175 :: 		
0x0201	0x1586      	BSF        LCD_EN, BitPos(LCD_EN+0)
;__Lib_Lcd.c,176 :: 		
0x0202	0x2003      	CALL       _Delay_1us
;__Lib_Lcd.c,177 :: 		
0x0203	0x1186      	BCF        LCD_EN, BitPos(LCD_EN+0)
;__Lib_Lcd.c,179 :: 		
0x0204	0x2006      	CALL       _Delay_5500us
;__Lib_Lcd.c,181 :: 		
0x0205	0x146D      	BSF        __Lib_Lcd_cmd_status, BitPos(__Lib_Lcd_cmd_status+0)
;__Lib_Lcd.c,182 :: 		
L_end_Lcd_Init:
0x0206	0x0008      	RETURN
; end of _Lcd_Init
_snd_err:
;Secure.c,29 :: 		void snd_err()   { BUZZER = 1; Delay_ms(800); BUZZER = 0; }
0x0207	0x1283      	BCF        STATUS, 5
0x0208	0x1303      	BCF        STATUS, 6
0x0209	0x1488      	BSF        RD1_bit, BitPos(RD1_bit+0)
0x020A	0x3009      	MOVLW      9
0x020B	0x00FB      	MOVWF      R11
0x020C	0x301E      	MOVLW      30
0x020D	0x00FC      	MOVWF      R12
0x020E	0x30E4      	MOVLW      228
0x020F	0x00FD      	MOVWF      R13
L_snd_err6:
0x0210	0x0BFD      	DECFSZ     R13, 1
0x0211	0x2A10      	GOTO       L_snd_err6
0x0212	0x0BFC      	DECFSZ     R12, 1
0x0213	0x2A10      	GOTO       L_snd_err6
0x0214	0x0BFB      	DECFSZ     R11, 1
0x0215	0x2A10      	GOTO       L_snd_err6
0x0216	0x0000      	NOP
0x0217	0x1088      	BCF        RD1_bit, BitPos(RD1_bit+0)
L_end_snd_err:
0x0218	0x0008      	RETURN
; end of _snd_err
___CC2DW:
;__Lib_System.c,134 :: 		
;__Lib_System.c,137 :: 		
_CC2D_Loop1:
;__Lib_System.c,139 :: 		
0x0219	0x209D      	CALL       _____DoICP
0x021A	0x118A      	BCF        PCLATH, 3
0x021B	0x120A      	BCF        PCLATH, 4
;__Lib_System.c,141 :: 		
0x021C	0x0080      	MOVWF      INDF
;__Lib_System.c,142 :: 		
0x021D	0x0A84      	INCF       FSR, 1
;__Lib_System.c,143 :: 		
0x021E	0x0AEE      	INCF       ___DoICPAddr, 1
;__Lib_System.c,145 :: 		
0x021F	0x1903      	BTFSC      STATUS, 2
;__Lib_System.c,146 :: 		
0x0220	0x0AEF      	INCF       ___DoICPAddr+1, 1
;__Lib_System.c,147 :: 		
0x0221	0x03F0      	DECF       R0, 1
;__Lib_System.c,149 :: 		
0x0222	0x1D03      	BTFSS      STATUS, 2
;__Lib_System.c,150 :: 		
0x0223	0x2A19      	GOTO       _CC2D_Loop1
;__Lib_System.c,152 :: 		
L_end___CC2DW:
0x0224	0x0008      	RETURN
; end of ___CC2DW
_main:
0x0225	0x23DC      	CALL       988
;Secure.c,55 :: 		void main() {
;Secure.c,56 :: 		TRISD = 0x30; // 0011 0000 (RD4, RD5 œŒ·)
0x0226	0x3030      	MOVLW      48
0x0227	0x1683      	BSF        STATUS, 5
0x0228	0x1303      	BCF        STATUS, 6
0x0229	0x0088      	MOVWF      TRISD
;Secure.c,57 :: 		LOCK_OUT = 0; BUZZER = 0;
0x022A	0x1283      	BCF        STATUS, 5
0x022B	0x1008      	BCF        RD0_bit, BitPos(RD0_bit+0)
0x022C	0x1088      	BCF        RD1_bit, BitPos(RD1_bit+0)
;Secure.c,59 :: 		Lcd_Init();
0x022D	0x21B9      	CALL       _Lcd_Init
;Secure.c,60 :: 		load_pass(); //  Õ„Ì· «·»«”Ê—œ „‰ «·–«ﬂ—…
0x022E	0x219B      	CALL       _load_pass
;Secure.c,61 :: 		Lcd_Cmd(_LCD_CLEAR);
0x022F	0x3001      	MOVLW      1
0x0230	0x1683      	BSF        STATUS, 5
0x0231	0x1303      	BCF        STATUS, 6
0x0232	0x00D4      	MOVWF      FARG_Lcd_Cmd_out_char
0x0233	0x201A      	CALL       _Lcd_Cmd
;Secure.c,62 :: 		Lcd_Cmd(_LCD_CURSOR_OFF);
0x0234	0x300C      	MOVLW      12
0x0235	0x1683      	BSF        STATUS, 5
0x0236	0x00D4      	MOVWF      FARG_Lcd_Cmd_out_char
0x0237	0x201A      	CALL       _Lcd_Cmd
;Secure.c,63 :: 		Lcd_Out(1, 4, "SYSTEM READY");
0x0238	0x3001      	MOVLW      1
0x0239	0x1683      	BSF        STATUS, 5
0x023A	0x00CE      	MOVWF      FARG_Lcd_Out_row
0x023B	0x3004      	MOVLW      4
0x023C	0x00CF      	MOVWF      FARG_Lcd_Out_column
0x023D	0x30B3      	MOVLW      ?lstr1_Secure
0x023E	0x00D0      	MOVWF      FARG_Lcd_Out_text
0x023F	0x20BD      	CALL       _Lcd_Out
;Secure.c,64 :: 		Delay_ms(1000);
0x0240	0x300B      	MOVLW      11
0x0241	0x00FB      	MOVWF      R11
0x0242	0x3026      	MOVLW      38
0x0243	0x00FC      	MOVWF      R12
0x0244	0x305D      	MOVLW      93
0x0245	0x00FD      	MOVWF      R13
L_main8:
0x0246	0x0BFD      	DECFSZ     R13, 1
0x0247	0x2A46      	GOTO       L_main8
0x0248	0x0BFC      	DECFSZ     R12, 1
0x0249	0x2A46      	GOTO       L_main8
0x024A	0x0BFB      	DECFSZ     R11, 1
0x024B	0x2A46      	GOTO       L_main8
0x024C	0x0000      	NOP
0x024D	0x0000      	NOP
;Secure.c,66 :: 		while(1) {
L_main9:
;Secure.c,67 :: 		Lcd_Cmd(_LCD_CLEAR);
0x024E	0x3001      	MOVLW      1
0x024F	0x1683      	BSF        STATUS, 5
0x0250	0x00D4      	MOVWF      FARG_Lcd_Cmd_out_char
0x0251	0x201A      	CALL       _Lcd_Cmd
;Secure.c,68 :: 		Lcd_Out(1, 1, "Enter Code:");
0x0252	0x3001      	MOVLW      1
0x0253	0x1683      	BSF        STATUS, 5
0x0254	0x00CE      	MOVWF      FARG_Lcd_Out_row
0x0255	0x3001      	MOVLW      1
0x0256	0x00CF      	MOVWF      FARG_Lcd_Out_column
0x0257	0x30A0      	MOVLW      ?lstr2_Secure
0x0258	0x00D0      	MOVWF      FARG_Lcd_Out_text
0x0259	0x20BD      	CALL       _Lcd_Out
;Secure.c,69 :: 		cursor = 0; input[0]=0; input[1]=0; input[2]=0;
0x025A	0x01A7      	CLRF       _cursor
0x025B	0x01A4      	CLRF       _input
0x025C	0x01A5      	CLRF       _input+1
0x025D	0x01A6      	CLRF       _input+2
;Secure.c,72 :: 		while(cursor < 3) {
L_main11:
0x025E	0x3003      	MOVLW      3
0x025F	0x0227      	SUBWF      _cursor, 0
0x0260	0x1803      	BTFSC      STATUS, 0
0x0261	0x2A87      	GOTO       L_main12
;Secure.c,73 :: 		show_digits();
0x0262	0x2145      	CALL       _show_digits
;Secure.c,74 :: 		if(BTN_COUNT == 1) {
0x0263	0x1E88      	BTFSS      RD5_bit, BitPos(RD5_bit+0)
0x0264	0x2A7F      	GOTO       L_main13
;Secure.c,75 :: 		input[cursor]++;
0x0265	0x0827      	MOVF       _cursor, 0
0x0266	0x3E24      	ADDLW      _input
0x0267	0x00F1      	MOVWF      R1
0x0268	0x0871      	MOVF       R1, 0
0x0269	0x0084      	MOVWF      FSR
0x026A	0x0A00      	INCF       INDF, 0
0x026B	0x00F0      	MOVWF      R0
0x026C	0x0871      	MOVF       R1, 0
0x026D	0x0084      	MOVWF      FSR
0x026E	0x0870      	MOVF       R0, 0
0x026F	0x0080      	MOVWF      INDF
;Secure.c,76 :: 		if(input[cursor] > 9) input[cursor] = 0;
0x0270	0x0827      	MOVF       _cursor, 0
0x0271	0x3E24      	ADDLW      _input
0x0272	0x0084      	MOVWF      FSR
0x0273	0x0800      	MOVF       INDF, 0
0x0274	0x3C09      	SUBLW      9
0x0275	0x1803      	BTFSC      STATUS, 0
0x0276	0x2A7B      	GOTO       L_main14
0x0277	0x0827      	MOVF       _cursor, 0
0x0278	0x3E24      	ADDLW      _input
0x0279	0x0084      	MOVWF      FSR
0x027A	0x0180      	CLRF       INDF
L_main14:
;Secure.c,77 :: 		snd_click();
0x027B	0x2164      	CALL       _snd_click
;Secure.c,78 :: 		while(BTN_COUNT == 1);
L_main15:
0x027C	0x1E88      	BTFSS      RD5_bit, BitPos(RD5_bit+0)
0x027D	0x2A7F      	GOTO       L_main16
0x027E	0x2A7C      	GOTO       L_main15
L_main16:
;Secure.c,79 :: 		}
L_main13:
;Secure.c,80 :: 		if(BTN_ENTER == 1) {
0x027F	0x1E08      	BTFSS      RD4_bit, BitPos(RD4_bit+0)
0x0280	0x2A86      	GOTO       L_main17
;Secure.c,81 :: 		cursor++;
0x0281	0x0AA7      	INCF       _cursor, 1
;Secure.c,82 :: 		snd_click();
0x0282	0x2164      	CALL       _snd_click
;Secure.c,83 :: 		while(BTN_ENTER == 1);
L_main18:
0x0283	0x1E08      	BTFSS      RD4_bit, BitPos(RD4_bit+0)
0x0284	0x2A86      	GOTO       L_main19
0x0285	0x2A83      	GOTO       L_main18
L_main19:
;Secure.c,84 :: 		}
L_main17:
;Secure.c,85 :: 		}
0x0286	0x2A5E      	GOTO       L_main11
L_main12:
;Secure.c,88 :: 		Lcd_Cmd(_LCD_CLEAR);
0x0287	0x3001      	MOVLW      1
0x0288	0x1683      	BSF        STATUS, 5
0x0289	0x00D4      	MOVWF      FARG_Lcd_Cmd_out_char
0x028A	0x201A      	CALL       _Lcd_Cmd
;Secure.c,89 :: 		if(input[0]==pass[0] && input[1]==pass[1] && input[2]==pass[2]) {
0x028B	0x0824      	MOVF       _input, 0
0x028C	0x066A      	XORWF      _pass, 0
0x028D	0x1D03      	BTFSS      STATUS, 2
0x028E	0x2B46      	GOTO       L_main22
0x028F	0x0825      	MOVF       _input+1, 0
0x0290	0x066B      	XORWF      _pass+1, 0
0x0291	0x1D03      	BTFSS      STATUS, 2
0x0292	0x2B46      	GOTO       L_main22
0x0293	0x0826      	MOVF       _input+2, 0
0x0294	0x066C      	XORWF      _pass+2, 0
0x0295	0x1D03      	BTFSS      STATUS, 2
0x0296	0x2B46      	GOTO       L_main22
L__main41:
;Secure.c,90 :: 		Lcd_Out(1, 4, "CORRECT!");
0x0297	0x3001      	MOVLW      1
0x0298	0x1683      	BSF        STATUS, 5
0x0299	0x00CE      	MOVWF      FARG_Lcd_Out_row
0x029A	0x3004      	MOVLW      4
0x029B	0x00CF      	MOVWF      FARG_Lcd_Out_column
0x029C	0x3046      	MOVLW      ?lstr3_Secure
0x029D	0x00D0      	MOVWF      FARG_Lcd_Out_text
0x029E	0x20BD      	CALL       _Lcd_Out
;Secure.c,91 :: 		Lcd_Out(2, 3, "LOCK OPENED");
0x029F	0x3002      	MOVLW      2
0x02A0	0x1683      	BSF        STATUS, 5
0x02A1	0x00CE      	MOVWF      FARG_Lcd_Out_row
0x02A2	0x3003      	MOVLW      3
0x02A3	0x00CF      	MOVWF      FARG_Lcd_Out_column
0x02A4	0x305E      	MOVLW      ?lstr4_Secure
0x02A5	0x00D0      	MOVWF      FARG_Lcd_Out_text
0x02A6	0x20BD      	CALL       _Lcd_Out
;Secure.c,92 :: 		LOCK_OUT = 1;
0x02A7	0x1408      	BSF        RD0_bit, BitPos(RD0_bit+0)
;Secure.c,93 :: 		snd_ok();
0x02A8	0x2172      	CALL       _snd_ok
;Secure.c,96 :: 		Delay_ms(1500);
0x02A9	0x3010      	MOVLW      16
0x02AA	0x00FB      	MOVWF      R11
0x02AB	0x3039      	MOVLW      57
0x02AC	0x00FC      	MOVWF      R12
0x02AD	0x300D      	MOVLW      13
0x02AE	0x00FD      	MOVWF      R13
L_main23:
0x02AF	0x0BFD      	DECFSZ     R13, 1
0x02B0	0x2AAF      	GOTO       L_main23
0x02B1	0x0BFC      	DECFSZ     R12, 1
0x02B2	0x2AAF      	GOTO       L_main23
0x02B3	0x0BFB      	DECFSZ     R11, 1
0x02B4	0x2AAF      	GOTO       L_main23
0x02B5	0x0000      	NOP
0x02B6	0x0000      	NOP
;Secure.c,97 :: 		Lcd_Cmd(_LCD_CLEAR);
0x02B7	0x3001      	MOVLW      1
0x02B8	0x1683      	BSF        STATUS, 5
0x02B9	0x00D4      	MOVWF      FARG_Lcd_Cmd_out_char
0x02BA	0x201A      	CALL       _Lcd_Cmd
;Secure.c,98 :: 		Lcd_Out(1, 1, "Press ENTER to");
0x02BB	0x3001      	MOVLW      1
0x02BC	0x1683      	BSF        STATUS, 5
0x02BD	0x00CE      	MOVWF      FARG_Lcd_Out_row
0x02BE	0x3001      	MOVLW      1
0x02BF	0x00CF      	MOVWF      FARG_Lcd_Out_column
0x02C0	0x304F      	MOVLW      ?lstr5_Secure
0x02C1	0x00D0      	MOVWF      FARG_Lcd_Out_text
0x02C2	0x20BD      	CALL       _Lcd_Out
;Secure.c,99 :: 		Lcd_Out(2, 1, "Change Password");
0x02C3	0x3002      	MOVLW      2
0x02C4	0x1683      	BSF        STATUS, 5
0x02C5	0x00CE      	MOVWF      FARG_Lcd_Out_row
0x02C6	0x3001      	MOVLW      1
0x02C7	0x00CF      	MOVWF      FARG_Lcd_Out_column
0x02C8	0x3028      	MOVLW      ?lstr6_Secure
0x02C9	0x00D0      	MOVWF      FARG_Lcd_Out_text
0x02CA	0x20BD      	CALL       _Lcd_Out
;Secure.c,102 :: 		for(cursor=0; cursor<30; cursor++) {
0x02CB	0x01A7      	CLRF       _cursor
L_main24:
0x02CC	0x301E      	MOVLW      30
0x02CD	0x0227      	SUBWF      _cursor, 0
0x02CE	0x1803      	BTFSC      STATUS, 0
0x02CF	0x2B44      	GOTO       L_main25
;Secure.c,103 :: 		if(BTN_ENTER == 1) {
0x02D0	0x1E08      	BTFSS      RD4_bit, BitPos(RD4_bit+0)
0x02D1	0x2B35      	GOTO       L_main27
;Secure.c,104 :: 		snd_click();
0x02D2	0x2164      	CALL       _snd_click
;Secure.c,105 :: 		Lcd_Cmd(_LCD_CLEAR);
0x02D3	0x3001      	MOVLW      1
0x02D4	0x1683      	BSF        STATUS, 5
0x02D5	0x00D4      	MOVWF      FARG_Lcd_Cmd_out_char
0x02D6	0x201A      	CALL       _Lcd_Cmd
;Secure.c,106 :: 		Lcd_Out(1, 1, "Set New Code:");
0x02D7	0x3001      	MOVLW      1
0x02D8	0x1683      	BSF        STATUS, 5
0x02D9	0x00CE      	MOVWF      FARG_Lcd_Out_row
0x02DA	0x3001      	MOVLW      1
0x02DB	0x00CF      	MOVWF      FARG_Lcd_Out_column
0x02DC	0x3038      	MOVLW      ?lstr7_Secure
0x02DD	0x00D0      	MOVWF      FARG_Lcd_Out_text
0x02DE	0x20BD      	CALL       _Lcd_Out
;Secure.c,108 :: 		cursor = 0; input[0]=0; input[1]=0; input[2]=0;
0x02DF	0x01A7      	CLRF       _cursor
0x02E0	0x01A4      	CLRF       _input
0x02E1	0x01A5      	CLRF       _input+1
0x02E2	0x01A6      	CLRF       _input+2
;Secure.c,109 :: 		while(cursor < 3) {
L_main28:
0x02E3	0x3003      	MOVLW      3
0x02E4	0x0227      	SUBWF      _cursor, 0
0x02E5	0x1803      	BTFSC      STATUS, 0
0x02E6	0x2B18      	GOTO       L_main29
;Secure.c,110 :: 		show_digits();
0x02E7	0x2145      	CALL       _show_digits
;Secure.c,111 :: 		if(BTN_COUNT==1){ input[cursor]++; if(input[cursor]>9)input[cursor]=0; snd_click(); while(BTN_COUNT==1); }
0x02E8	0x1E88      	BTFSS      RD5_bit, BitPos(RD5_bit+0)
0x02E9	0x2B04      	GOTO       L_main30
0x02EA	0x0827      	MOVF       _cursor, 0
0x02EB	0x3E24      	ADDLW      _input
0x02EC	0x00F1      	MOVWF      R1
0x02ED	0x0871      	MOVF       R1, 0
0x02EE	0x0084      	MOVWF      FSR
0x02EF	0x0A00      	INCF       INDF, 0
0x02F0	0x00F0      	MOVWF      R0
0x02F1	0x0871      	MOVF       R1, 0
0x02F2	0x0084      	MOVWF      FSR
0x02F3	0x0870      	MOVF       R0, 0
0x02F4	0x0080      	MOVWF      INDF
0x02F5	0x0827      	MOVF       _cursor, 0
0x02F6	0x3E24      	ADDLW      _input
0x02F7	0x0084      	MOVWF      FSR
0x02F8	0x0800      	MOVF       INDF, 0
0x02F9	0x3C09      	SUBLW      9
0x02FA	0x1803      	BTFSC      STATUS, 0
0x02FB	0x2B00      	GOTO       L_main31
0x02FC	0x0827      	MOVF       _cursor, 0
0x02FD	0x3E24      	ADDLW      _input
0x02FE	0x0084      	MOVWF      FSR
0x02FF	0x0180      	CLRF       INDF
L_main31:
0x0300	0x2164      	CALL       _snd_click
L_main32:
0x0301	0x1E88      	BTFSS      RD5_bit, BitPos(RD5_bit+0)
0x0302	0x2B04      	GOTO       L_main33
0x0303	0x2B01      	GOTO       L_main32
L_main33:
L_main30:
;Secure.c,112 :: 		if(BTN_ENTER==1){ pass[cursor]=input[cursor]; cursor++; snd_click(); while(BTN_ENTER==1); }
0x0304	0x1E08      	BTFSS      RD4_bit, BitPos(RD4_bit+0)
0x0305	0x2B17      	GOTO       L_main34
0x0306	0x0827      	MOVF       _cursor, 0
0x0307	0x3E6A      	ADDLW      _pass
0x0308	0x00F1      	MOVWF      R1
0x0309	0x0827      	MOVF       _cursor, 0
0x030A	0x3E24      	ADDLW      _input
0x030B	0x0084      	MOVWF      FSR
0x030C	0x0800      	MOVF       INDF, 0
0x030D	0x00F0      	MOVWF      R0
0x030E	0x0871      	MOVF       R1, 0
0x030F	0x0084      	MOVWF      FSR
0x0310	0x0870      	MOVF       R0, 0
0x0311	0x0080      	MOVWF      INDF
0x0312	0x0AA7      	INCF       _cursor, 1
0x0313	0x2164      	CALL       _snd_click
L_main35:
0x0314	0x1E08      	BTFSS      RD4_bit, BitPos(RD4_bit+0)
0x0315	0x2B17      	GOTO       L_main36
0x0316	0x2B14      	GOTO       L_main35
L_main36:
L_main34:
;Secure.c,113 :: 		}
0x0317	0x2AE3      	GOTO       L_main28
L_main29:
;Secure.c,114 :: 		save_pass(); // Õ›Ÿ ›Ì «·–«ﬂ—… ··√»œ
0x0318	0x20A4      	CALL       _save_pass
;Secure.c,115 :: 		Lcd_Cmd(_LCD_CLEAR);
0x0319	0x3001      	MOVLW      1
0x031A	0x1303      	BCF        STATUS, 6
0x031B	0x00D4      	MOVWF      FARG_Lcd_Cmd_out_char
0x031C	0x201A      	CALL       _Lcd_Cmd
;Secure.c,116 :: 		Lcd_Out(1, 3, "CODE UPDATED!");
0x031D	0x3001      	MOVLW      1
0x031E	0x1683      	BSF        STATUS, 5
0x031F	0x00CE      	MOVWF      FARG_Lcd_Out_row
0x0320	0x3003      	MOVLW      3
0x0321	0x00CF      	MOVWF      FARG_Lcd_Out_column
0x0322	0x30C0      	MOVLW      ?lstr8_Secure
0x0323	0x00D0      	MOVWF      FARG_Lcd_Out_text
0x0324	0x20BD      	CALL       _Lcd_Out
;Secure.c,117 :: 		snd_ok();
0x0325	0x2172      	CALL       _snd_ok
;Secure.c,118 :: 		Delay_ms(1000);
0x0326	0x300B      	MOVLW      11
0x0327	0x00FB      	MOVWF      R11
0x0328	0x3026      	MOVLW      38
0x0329	0x00FC      	MOVWF      R12
0x032A	0x305D      	MOVLW      93
0x032B	0x00FD      	MOVWF      R13
L_main37:
0x032C	0x0BFD      	DECFSZ     R13, 1
0x032D	0x2B2C      	GOTO       L_main37
0x032E	0x0BFC      	DECFSZ     R12, 1
0x032F	0x2B2C      	GOTO       L_main37
0x0330	0x0BFB      	DECFSZ     R11, 1
0x0331	0x2B2C      	GOTO       L_main37
0x0332	0x0000      	NOP
0x0333	0x0000      	NOP
;Secure.c,119 :: 		break;
0x0334	0x2B44      	GOTO       L_main25
;Secure.c,120 :: 		}
L_main27:
;Secure.c,121 :: 		Delay_ms(100);
0x0335	0x3002      	MOVLW      2
0x0336	0x00FB      	MOVWF      R11
0x0337	0x3004      	MOVLW      4
0x0338	0x00FC      	MOVWF      R12
0x0339	0x30BA      	MOVLW      186
0x033A	0x00FD      	MOVWF      R13
L_main38:
0x033B	0x0BFD      	DECFSZ     R13, 1
0x033C	0x2B3B      	GOTO       L_main38
0x033D	0x0BFC      	DECFSZ     R12, 1
0x033E	0x2B3B      	GOTO       L_main38
0x033F	0x0BFB      	DECFSZ     R11, 1
0x0340	0x2B3B      	GOTO       L_main38
0x0341	0x0000      	NOP
;Secure.c,102 :: 		for(cursor=0; cursor<30; cursor++) {
0x0342	0x0AA7      	INCF       _cursor, 1
;Secure.c,122 :: 		}
0x0343	0x2ACC      	GOTO       L_main24
L_main25:
;Secure.c,123 :: 		LOCK_OUT = 0;
0x0344	0x1008      	BCF        RD0_bit, BitPos(RD0_bit+0)
;Secure.c,124 :: 		} else {
0x0345	0x2B5D      	GOTO       L_main39
L_main22:
;Secure.c,125 :: 		Lcd_Out(1, 4, "WRONG!");
0x0346	0x3001      	MOVLW      1
0x0347	0x1683      	BSF        STATUS, 5
0x0348	0x00CE      	MOVWF      FARG_Lcd_Out_row
0x0349	0x3004      	MOVLW      4
0x034A	0x00CF      	MOVWF      FARG_Lcd_Out_column
0x034B	0x30AC      	MOVLW      ?lstr9_Secure
0x034C	0x00D0      	MOVWF      FARG_Lcd_Out_text
0x034D	0x20BD      	CALL       _Lcd_Out
;Secure.c,126 :: 		snd_err();
0x034E	0x2207      	CALL       _snd_err
;Secure.c,127 :: 		Delay_ms(1000);
0x034F	0x300B      	MOVLW      11
0x0350	0x00FB      	MOVWF      R11
0x0351	0x3026      	MOVLW      38
0x0352	0x00FC      	MOVWF      R12
0x0353	0x305D      	MOVLW      93
0x0354	0x00FD      	MOVWF      R13
L_main40:
0x0355	0x0BFD      	DECFSZ     R13, 1
0x0356	0x2B55      	GOTO       L_main40
0x0357	0x0BFC      	DECFSZ     R12, 1
0x0358	0x2B55      	GOTO       L_main40
0x0359	0x0BFB      	DECFSZ     R11, 1
0x035A	0x2B55      	GOTO       L_main40
0x035B	0x0000      	NOP
0x035C	0x0000      	NOP
;Secure.c,128 :: 		}
L_main39:
;Secure.c,129 :: 		}
0x035D	0x2A4E      	GOTO       L_main9
;Secure.c,130 :: 		}
L_end_main:
0x035E	0x2B5E      	GOTO       $+0
; end of _main
0x03DC	0x3020      	MOVLW      32
0x03DD	0x0084      	MOVWF      FSR
0x03DE	0x304A      	MOVLW      74
0x03DF	0x1283      	BCF        STATUS, 5
0x03E0	0x1303      	BCF        STATUS, 6
0x03E1	0x00F0      	MOVWF      R0
0x03E2	0x3064      	MOVLW      100
0x03E3	0x00EE      	MOVWF      ___DoICPAddr
0x03E4	0x3003      	MOVLW      3
0x03E5	0x00EF      	MOVWF      111
0x03E6	0x2219      	CALL       537
0x03E7	0x30A0      	MOVLW      160
0x03E8	0x0084      	MOVWF      FSR
0x03E9	0x302E      	MOVLW      46
0x03EA	0x1283      	BCF        STATUS, 5
0x03EB	0x00F0      	MOVWF      R0
0x03EC	0x30AE      	MOVLW      174
0x03ED	0x00EE      	MOVWF      ___DoICPAddr
0x03EE	0x3003      	MOVLW      3
0x03EF	0x00EF      	MOVWF      111
0x03F0	0x2219      	CALL       537
0x03F1	0x0008      	RETURN
;Secure.c,0 :: ?ICS_txt_val
0x0364	0x3430 ;?ICS_txt_val+0
0x0365	0x3430 ;?ICS_txt_val+1
0x0366	0x3430 ;?ICS_txt_val+2
0x0367	0x3400 ;?ICS_txt_val+3
; end of ?ICS_txt_val
;Secure.c,0 :: ?ICS_input
0x0368	0x3400 ;?ICS_input+0
0x0369	0x3400 ;?ICS_input+1
0x036A	0x3400 ;?ICS_input+2
; end of ?ICS_input
;Secure.c,0 :: ?ICS_cursor
0x036B	0x3400 ;?ICS_cursor+0
; end of ?ICS_cursor
;Secure.c,0 :: ?ICS?lstr6_Secure
0x036C	0x3443 ;?ICS?lstr6_Secure+0
0x036D	0x3468 ;?ICS?lstr6_Secure+1
0x036E	0x3461 ;?ICS?lstr6_Secure+2
0x036F	0x346E ;?ICS?lstr6_Secure+3
0x0370	0x3467 ;?ICS?lstr6_Secure+4
0x0371	0x3465 ;?ICS?lstr6_Secure+5
0x0372	0x3420 ;?ICS?lstr6_Secure+6
0x0373	0x3450 ;?ICS?lstr6_Secure+7
0x0374	0x3461 ;?ICS?lstr6_Secure+8
0x0375	0x3473 ;?ICS?lstr6_Secure+9
0x0376	0x3473 ;?ICS?lstr6_Secure+10
0x0377	0x3477 ;?ICS?lstr6_Secure+11
0x0378	0x346F ;?ICS?lstr6_Secure+12
0x0379	0x3472 ;?ICS?lstr6_Secure+13
0x037A	0x3464 ;?ICS?lstr6_Secure+14
0x037B	0x3400 ;?ICS?lstr6_Secure+15
; end of ?ICS?lstr6_Secure
;Secure.c,0 :: ?ICS?lstr7_Secure
0x037C	0x3453 ;?ICS?lstr7_Secure+0
0x037D	0x3465 ;?ICS?lstr7_Secure+1
0x037E	0x3474 ;?ICS?lstr7_Secure+2
0x037F	0x3420 ;?ICS?lstr7_Secure+3
0x0380	0x344E ;?ICS?lstr7_Secure+4
0x0381	0x3465 ;?ICS?lstr7_Secure+5
0x0382	0x3477 ;?ICS?lstr7_Secure+6
0x0383	0x3420 ;?ICS?lstr7_Secure+7
0x0384	0x3443 ;?ICS?lstr7_Secure+8
0x0385	0x346F ;?ICS?lstr7_Secure+9
0x0386	0x3464 ;?ICS?lstr7_Secure+10
0x0387	0x3465 ;?ICS?lstr7_Secure+11
0x0388	0x343A ;?ICS?lstr7_Secure+12
0x0389	0x3400 ;?ICS?lstr7_Secure+13
; end of ?ICS?lstr7_Secure
;Secure.c,0 :: ?ICS?lstr3_Secure
0x038A	0x3443 ;?ICS?lstr3_Secure+0
0x038B	0x344F ;?ICS?lstr3_Secure+1
0x038C	0x3452 ;?ICS?lstr3_Secure+2
0x038D	0x3452 ;?ICS?lstr3_Secure+3
0x038E	0x3445 ;?ICS?lstr3_Secure+4
0x038F	0x3443 ;?ICS?lstr3_Secure+5
0x0390	0x3454 ;?ICS?lstr3_Secure+6
0x0391	0x3421 ;?ICS?lstr3_Secure+7
0x0392	0x3400 ;?ICS?lstr3_Secure+8
; end of ?ICS?lstr3_Secure
;Secure.c,0 :: ?ICS?lstr5_Secure
0x0393	0x3450 ;?ICS?lstr5_Secure+0
0x0394	0x3472 ;?ICS?lstr5_Secure+1
0x0395	0x3465 ;?ICS?lstr5_Secure+2
0x0396	0x3473 ;?ICS?lstr5_Secure+3
0x0397	0x3473 ;?ICS?lstr5_Secure+4
0x0398	0x3420 ;?ICS?lstr5_Secure+5
0x0399	0x3445 ;?ICS?lstr5_Secure+6
0x039A	0x344E ;?ICS?lstr5_Secure+7
0x039B	0x3454 ;?ICS?lstr5_Secure+8
0x039C	0x3445 ;?ICS?lstr5_Secure+9
0x039D	0x3452 ;?ICS?lstr5_Secure+10
0x039E	0x3420 ;?ICS?lstr5_Secure+11
0x039F	0x3474 ;?ICS?lstr5_Secure+12
0x03A0	0x346F ;?ICS?lstr5_Secure+13
0x03A1	0x3400 ;?ICS?lstr5_Secure+14
; end of ?ICS?lstr5_Secure
;Secure.c,0 :: ?ICS?lstr4_Secure
0x03A2	0x344C ;?ICS?lstr4_Secure+0
0x03A3	0x344F ;?ICS?lstr4_Secure+1
0x03A4	0x3443 ;?ICS?lstr4_Secure+2
0x03A5	0x344B ;?ICS?lstr4_Secure+3
0x03A6	0x3420 ;?ICS?lstr4_Secure+4
0x03A7	0x344F ;?ICS?lstr4_Secure+5
0x03A8	0x3450 ;?ICS?lstr4_Secure+6
0x03A9	0x3445 ;?ICS?lstr4_Secure+7
0x03AA	0x344E ;?ICS?lstr4_Secure+8
0x03AB	0x3445 ;?ICS?lstr4_Secure+9
0x03AC	0x3444 ;?ICS?lstr4_Secure+10
0x03AD	0x3400 ;?ICS?lstr4_Secure+11
; end of ?ICS?lstr4_Secure
;Secure.c,0 :: ?ICS?lstr2_Secure
0x03AE	0x3445 ;?ICS?lstr2_Secure+0
0x03AF	0x346E ;?ICS?lstr2_Secure+1
0x03B0	0x3474 ;?ICS?lstr2_Secure+2
0x03B1	0x3465 ;?ICS?lstr2_Secure+3
0x03B2	0x3472 ;?ICS?lstr2_Secure+4
0x03B3	0x3420 ;?ICS?lstr2_Secure+5
0x03B4	0x3443 ;?ICS?lstr2_Secure+6
0x03B5	0x346F ;?ICS?lstr2_Secure+7
0x03B6	0x3464 ;?ICS?lstr2_Secure+8
0x03B7	0x3465 ;?ICS?lstr2_Secure+9
0x03B8	0x343A ;?ICS?lstr2_Secure+10
0x03B9	0x3400 ;?ICS?lstr2_Secure+11
; end of ?ICS?lstr2_Secure
;Secure.c,0 :: ?ICS?lstr9_Secure
0x03BA	0x3457 ;?ICS?lstr9_Secure+0
0x03BB	0x3452 ;?ICS?lstr9_Secure+1
0x03BC	0x344F ;?ICS?lstr9_Secure+2
0x03BD	0x344E ;?ICS?lstr9_Secure+3
0x03BE	0x3447 ;?ICS?lstr9_Secure+4
0x03BF	0x3421 ;?ICS?lstr9_Secure+5
0x03C0	0x3400 ;?ICS?lstr9_Secure+6
; end of ?ICS?lstr9_Secure
;Secure.c,0 :: ?ICS?lstr1_Secure
0x03C1	0x3453 ;?ICS?lstr1_Secure+0
0x03C2	0x3459 ;?ICS?lstr1_Secure+1
0x03C3	0x3453 ;?ICS?lstr1_Secure+2
0x03C4	0x3454 ;?ICS?lstr1_Secure+3
0x03C5	0x3445 ;?ICS?lstr1_Secure+4
0x03C6	0x344D ;?ICS?lstr1_Secure+5
0x03C7	0x3420 ;?ICS?lstr1_Secure+6
0x03C8	0x3452 ;?ICS?lstr1_Secure+7
0x03C9	0x3445 ;?ICS?lstr1_Secure+8
0x03CA	0x3441 ;?ICS?lstr1_Secure+9
0x03CB	0x3444 ;?ICS?lstr1_Secure+10
0x03CC	0x3459 ;?ICS?lstr1_Secure+11
0x03CD	0x3400 ;?ICS?lstr1_Secure+12
; end of ?ICS?lstr1_Secure
;Secure.c,0 :: ?ICS?lstr8_Secure
0x03CE	0x3443 ;?ICS?lstr8_Secure+0
0x03CF	0x344F ;?ICS?lstr8_Secure+1
0x03D0	0x3444 ;?ICS?lstr8_Secure+2
0x03D1	0x3445 ;?ICS?lstr8_Secure+3
0x03D2	0x3420 ;?ICS?lstr8_Secure+4
0x03D3	0x3455 ;?ICS?lstr8_Secure+5
0x03D4	0x3450 ;?ICS?lstr8_Secure+6
0x03D5	0x3444 ;?ICS?lstr8_Secure+7
0x03D6	0x3441 ;?ICS?lstr8_Secure+8
0x03D7	0x3454 ;?ICS?lstr8_Secure+9
0x03D8	0x3445 ;?ICS?lstr8_Secure+10
0x03D9	0x3444 ;?ICS?lstr8_Secure+11
0x03DA	0x3421 ;?ICS?lstr8_Secure+12
0x03DB	0x3400 ;?ICS?lstr8_Secure+13
; end of ?ICS?lstr8_Secure
Symbol List:
//** Routines locations **
//ADDRESS    SIZE    PROCEDURE
//----------------------------------------------
0x0003       [3]    _Delay_1us
0x0006      [13]    _Delay_5500us
0x0013       [7]    _Delay_50us
0x001A      [87]    _Lcd_Cmd
0x0071      [35]    _EEPROM_Write
0x0094       [9]    _Lcd_Chr_CP
0x009D       [7]    _____DoICP
0x00A4      [25]    _save_pass
0x00BD      [67]    _Lcd_Out
0x0100      [13]    _EEPROM_Read
0x010D      [56]    _Lcd_Chr
0x0145      [31]    _show_digits
0x0164      [14]    _snd_click
0x0172      [41]    _snd_ok
0x019B      [30]    _load_pass
0x01B9      [78]    _Lcd_Init
0x0207      [18]    _snd_err
0x0219      [12]    ___CC2DW
0x0225     [313]    _main
//** Variables locations ** 
//ADDRESS    SIZE    VARIABLE
//----------------------------------------------
0x0000       [1]    INDF
0x0002       [1]    PCL
0x0003       [1]    STATUS
0x0004       [1]    FSR
0x0006       [0]    LCD_RS
0x0006       [0]    LCD_D4
0x0006       [0]    RB7_bit
0x0006       [0]    RB4_bit
0x0006       [0]    LCD_EN
0x0006       [0]    LCD_D5
0x0006       [0]    RB6_bit
0x0006       [0]    LCD_D7
0x0006       [0]    LCD_D6
0x0006       [0]    RB5_bit
0x0006       [0]    RB3_bit
0x0006       [0]    RB2_bit
0x0008       [0]    RD0_bit
0x0008       [0]    RD1_bit
0x0008       [0]    RD4_bit
0x0008       [0]    RD5_bit
0x000A       [1]    PCLATH
0x000B       [1]    INTCON
0x0020       [4]    _txt_val
0x0024       [3]    _input
0x0027       [1]    _cursor
0x0028      [16]    ?lstr6_Secure
0x0038      [14]    ?lstr7_Secure
0x0046       [9]    ?lstr3_Secure
0x004F      [15]    ?lstr5_Secure
0x005E      [12]    ?lstr4_Secure
0x006A       [3]    _pass
0x006D       [0]    __Lib_Lcd_cmd_status
0x006E       [2]    ___DoICPAddr
0x0070       [1]    R0
0x0071       [1]    R1
0x0072       [1]    R2
0x0073       [1]    R3
0x0074       [1]    R4
0x0075       [1]    R5
0x0076       [1]    R6
0x0077       [1]    R7
0x0078       [1]    R8
0x0079       [1]    R9
0x007A       [1]    R10
0x007B       [1]    R11
0x007C       [1]    R12
0x007D       [1]    R13
0x007E       [1]    R14
0x007F       [1]    R15
0x0086       [0]    TRISB2_bit
0x0086       [0]    LCD_D5_Direction
0x0086       [0]    LCD_RS_Direction
0x0086       [0]    LCD_EN_Direction
0x0086       [0]    LCD_D4_Direction
0x0086       [0]    TRISB3_bit
0x0086       [0]    LCD_D6_Direction
0x0086       [0]    LCD_D7_Direction
0x0086       [0]    TRISB7_bit
0x0086       [0]    TRISB4_bit
0x0086       [0]    TRISB5_bit
0x0086       [0]    TRISB6_bit
0x0088       [1]    TRISD
0x00A0      [12]    ?lstr2_Secure
0x00AC       [7]    ?lstr9_Secure
0x00B3      [13]    ?lstr1_Secure
0x00C0      [14]    ?lstr8_Secure
0x00CE       [1]    FARG_EEPROM_Read_Address
0x00CE       [1]    FARG_Lcd_Out_row
0x00CE       [1]    FARG_Lcd_Chr_row
0x00CF       [1]    FARG_Lcd_Out_column
0x00CF       [1]    FARG_Lcd_Chr_column
0x00D0       [1]    FARG_Lcd_Chr_out_char
0x00D0       [1]    FARG_Lcd_Out_text
0x00D1       [1]    Lcd_Out_i_L0
0x00D2       [1]    FARG_Lcd_Chr_CP_out_char
0x00D2       [1]    FARG_EEPROM_Write_Address
0x00D3       [1]    FARG_EEPROM_Write_data_
0x00D4       [1]    FARG_Lcd_Cmd_out_char
0x010C       [1]    EEDATA
0x010D       [1]    EEADR
0x018C       [1]    EECON1
0x018D       [1]    EECON2
//** Constants locations ** 
//ADDRESS    SIZE    CONSTANT
//----------------------------------------------
0x0364       [4]    ?ICS_txt_val
0x0368       [3]    ?ICS_input
0x036B       [1]    ?ICS_cursor
0x036C      [16]    ?ICS?lstr6_Secure
0x037C      [14]    ?ICS?lstr7_Secure
0x038A       [9]    ?ICS?lstr3_Secure
0x0393      [15]    ?ICS?lstr5_Secure
0x03A2      [12]    ?ICS?lstr4_Secure
0x03AE      [12]    ?ICS?lstr2_Secure
0x03BA       [7]    ?ICS?lstr9_Secure
0x03C1      [13]    ?ICS?lstr1_Secure
0x03CE      [14]    ?ICS?lstr8_Secure
