;  LST file generated by mikroListExporter - v.2.0 
; Date/Time: 4/13/2026 12:41:12 PM
;----------------------------------------------

;Address Opcode 	ASM
0x0000	0x2803      	GOTO       3
_main:
;LAB1.c,5 :: 		void main() {
;LAB1.c,7 :: 		trisd = 1;  trisb = 0;
0x0003	0x3001      	MOVLW      1
0x0004	0x1683      	BSF        STATUS, 5
0x0005	0x1303      	BCF        STATUS, 6
0x0006	0x0088      	MOVWF      TRISD
0x0007	0x0186      	CLRF       TRISB
;LAB1.c,8 :: 		portb = 0;  portd = 0;
0x0008	0x1283      	BCF        STATUS, 5
0x0009	0x0186      	CLRF       PORTB
0x000A	0x0188      	CLRF       PORTD
;LAB1.c,10 :: 		while (count_switch == 0);
L_main0:
0x000B	0x1808      	BTFSC      PORTD, 0
0x000C	0x280E      	GOTO       L_main1
0x000D	0x280B      	GOTO       L_main0
L_main1:
;LAB1.c,12 :: 		loop:
___main_loop:
;LAB1.c,13 :: 		units++;
0x000E	0x0AF2      	INCF       R2, 1
;LAB1.c,14 :: 		if (units == 10)
0x000F	0x0872      	MOVF       R2, 0
0x0010	0x3A0A      	XORLW      10
0x0011	0x1D03      	BTFSS      STATUS, 2
0x0012	0x281A      	GOTO       L_main2
;LAB1.c,16 :: 		units = 0;
0x0013	0x01F2      	CLRF       R2
;LAB1.c,17 :: 		tens++;
0x0014	0x0AF3      	INCF       R3, 1
;LAB1.c,18 :: 		if (tens == 10) tens = 0;
0x0015	0x0873      	MOVF       R3, 0
0x0016	0x3A0A      	XORLW      10
0x0017	0x1D03      	BTFSS      STATUS, 2
0x0018	0x281A      	GOTO       L_main3
0x0019	0x01F3      	CLRF       R3
L_main3:
;LAB1.c,19 :: 		}
L_main2:
;LAB1.c,21 :: 		for (i = 0; i < 50; i++) {
0x001A	0x01F1      	CLRF       R1
L_main4:
0x001B	0x3032      	MOVLW      50
0x001C	0x0271      	SUBWF      R1, 0
0x001D	0x1803      	BTFSC      STATUS, 0
0x001E	0x283B      	GOTO       L_main5
;LAB1.c,22 :: 		portb = units;
0x001F	0x0872      	MOVF       R2, 0
0x0020	0x0086      	MOVWF      PORTB
;LAB1.c,23 :: 		open_units = 1;    delay_ms(10);    open_units = 0;  // 10 ms units
0x0021	0x1508      	BSF        PORTD, 2
0x0022	0x301A      	MOVLW      26
0x0023	0x00FC      	MOVWF      R12
0x0024	0x30F8      	MOVLW      248
0x0025	0x00FD      	MOVWF      R13
L_main7:
0x0026	0x0BFD      	DECFSZ     R13, 1
0x0027	0x2826      	GOTO       L_main7
0x0028	0x0BFC      	DECFSZ     R12, 1
0x0029	0x2826      	GOTO       L_main7
0x002A	0x0000      	NOP
0x002B	0x1108      	BCF        PORTD, 2
;LAB1.c,24 :: 		portb = tens;
0x002C	0x0873      	MOVF       R3, 0
0x002D	0x0086      	MOVWF      PORTB
;LAB1.c,25 :: 		open_tens = 1;     delay_ms(10);    open_tens = 0;   // 10 ms tens
0x002E	0x1488      	BSF        PORTD, 1
0x002F	0x301A      	MOVLW      26
0x0030	0x00FC      	MOVWF      R12
0x0031	0x30F8      	MOVLW      248
0x0032	0x00FD      	MOVWF      R13
L_main8:
0x0033	0x0BFD      	DECFSZ     R13, 1
0x0034	0x2833      	GOTO       L_main8
0x0035	0x0BFC      	DECFSZ     R12, 1
0x0036	0x2833      	GOTO       L_main8
0x0037	0x0000      	NOP
0x0038	0x1088      	BCF        PORTD, 1
;LAB1.c,21 :: 		for (i = 0; i < 50; i++) {
0x0039	0x0AF1      	INCF       R1, 1
;LAB1.c,26 :: 		}
0x003A	0x281B      	GOTO       L_main4
L_main5:
;LAB1.c,29 :: 		goto loop;
0x003B	0x280E      	GOTO       ___main_loop
;LAB1.c,30 :: 		}
L_end_main:
0x003C	0x283C      	GOTO       $+0
; end of _main
Symbol List:
//** Routines locations **
//ADDRESS    SIZE    PROCEDURE
//----------------------------------------------
0x0003      [58]    _main
//** Variables locations ** 
//ADDRESS    SIZE    VARIABLE
//----------------------------------------------
0x0000       [1]    INDF
0x0003       [1]    STATUS
0x0004       [1]    FSR
0x0006       [1]    PORTB
0x0008       [1]    PORTD
0x000A       [1]    PCLATH
0x0020       [2]    ___DoICPAddr
0x0070       [1]    R0
0x0071       [1]    R1
0x0072       [1]    R2
0x0073       [1]    R3
0x0074       [1]    R4
0x0075       [1]    R5
0x0076       [1]    R6
0x0077       [1]    R7
0x0078       [1]    R8
0x0079       [1]    R9
0x007A       [1]    R10
0x007B       [1]    R11
0x007C       [1]    R12
0x007D       [1]    R13
0x007E       [1]    R14
0x007F       [1]    R15
0x0086       [1]    TRISB
0x0088       [1]    TRISD
